Copyright 1986-2016 Xilinx, Inc. All Rights Reserved.
------------------------------------------------------------------------------------------
| Tool Version : Vivado v.2016.3 (lin64) Build 1682563 Mon Oct 10 19:07:26 MDT 2016
| Date         : Wed Nov 23 16:51:04 2016
| Host         : Leviathan running 64-bit Arch Linux
| Command      : report_control_sets -verbose -file unity_wrapper_control_sets_placed.rpt
| Design       : unity_wrapper
| Device       : xc7z010
------------------------------------------------------------------------------------------

Control Set Information

Table of Contents
-----------------
1. Summary
2. Flip-Flop Distribution
3. Detailed Control Set Information

1. Summary
----------

+----------------------------------------------------------+-------+
|                          Status                          | Count |
+----------------------------------------------------------+-------+
| Number of unique control sets                            |    61 |
| Unused register locations in slices containing registers |   120 |
+----------------------------------------------------------+-------+


2. Flip-Flop Distribution
-------------------------

+--------------+-----------------------+------------------------+-----------------+--------------+
| Clock Enable | Synchronous Set/Reset | Asynchronous Set/Reset | Total Registers | Total Slices |
+--------------+-----------------------+------------------------+-----------------+--------------+
| No           | No                    | No                     |             159 |           62 |
| No           | No                    | Yes                    |              30 |           10 |
| No           | Yes                   | No                     |              55 |           14 |
| Yes          | No                    | No                     |             159 |           98 |
| Yes          | No                    | Yes                    |              28 |           14 |
| Yes          | Yes                   | No                     |             145 |           50 |
+--------------+-----------------------+------------------------+-----------------+--------------+


3. Detailed Control Set Information
-----------------------------------

+-----------------------------------------------------+--------------------------------------------------------------------------------------------------------------------------------------------------------------------------------------+----------------------------------------------------------------------------------------------------------------------------------------------------------------------------------+------------------+----------------+
|                     Clock Signal                    |                                                                                     Enable Signal                                                                                    |                                                                                 Set/Reset Signal                                                                                 | Slice Load Count | Bel Load Count |
+-----------------------------------------------------+--------------------------------------------------------------------------------------------------------------------------------------------------------------------------------------+----------------------------------------------------------------------------------------------------------------------------------------------------------------------------------+------------------+----------------+
|  unity_i/unity_ctrl_0/U0/mem_data_in_reg[3]_i_1_n_0 |                                                                                                                                                                                      |                                                                                                                                                                                  |                1 |              3 |
|  unity_i/unity_ctrl_0/U0/UNITY/unity_clk_BUFG       | unity_i/unity_ctrl_0/U0/UNITY/uart_wb_link_inst/uart_gab_link_inst/uart_gab_link_dl_inst/uart_gab_link_dl_ascii_dec_inst/bin_reg[3]_i_1__0_n_0                                       |                                                                                                                                                                                  |                2 |              4 |
|  unity_i/unity_ctrl_0/U0/UNITY/unity_clk_BUFG       | unity_i/unity_ctrl_0/U0/UNITY/uart_wb_link_inst/uart_gab_link_inst/gab_link_al_fsm_inst/SUB_GEN.subscription_manager_inst/SG_GEN[0].sg/data_cnt_reg_reg[4]_0                         |                                                                                                                                                                                  |                2 |              4 |
|  unity_i/unity_ctrl_0/U0/UNITY/unity_clk_BUFG       | unity_i/unity_ctrl_0/U0/UNITY/uart_wb_link_inst/uart_gab_link_inst/gab_link_al_fsm_inst/SUB_GEN.subscription_manager_inst/SG_GEN[1].sg/data_cnt_reg_reg[4]_0                         |                                                                                                                                                                                  |                2 |              4 |
|  unity_i/unity_ctrl_0/U0/UNITY/unity_clk_BUFG       | unity_i/unity_ctrl_0/U0/UNITY/uart_wb_link_inst/uart_gab_link_inst/gab_link_al_fsm_inst/SUB_GEN.subscription_manager_inst/SG_GEN[1].sg/E[0]                                          | unity_i/unity_ctrl_0/U0/UNITY/uart_wb_link_inst/uart_gab_link_inst/gab_link_al_fsm_inst/SUB_GEN.subscription_manager_inst/clear                                                  |                2 |              4 |
|  unity_i/unity_ctrl_0/U0/UNITY/unity_clk_BUFG       | unity_i/unity_ctrl_0/U0/UNITY/uart_wb_link_inst/uart_gab_link_inst/uart_gab_link_dl_inst/uart_gab_link_dl_ascii_dec_inst/bin_reg[7]_i_1__0_n_0                                       |                                                                                                                                                                                  |                4 |              4 |
|  unity_i/unity_ctrl_0/U0/UNITY/clk_uart_BUFG        | unity_i/unity_ctrl_0/U0/UNITY/uart_wb_link_inst/uart_gab_link_inst/uart_inst/uart_tx_inst/t_cnt_reg[3]_i_1_n_0                                                                       |                                                                                                                                                                                  |                2 |              4 |
|  unity_i/unity_ctrl_0/U0/UNITY/unity_clk_BUFG       | unity_i/unity_ctrl_0/U0/UNITY/uart_wb_link_inst/uart_gab_link_inst/uart_gab_link_dl_inst/uart_gab_link_dl_tx_fsm_inst/CHECKSUM_CRC_GEN.checksum_crc8/FSM_sequential_state_reg_reg[0] |                                                                                                                                                                                  |                3 |              4 |
|  unity_i/unity_ctrl_0/U0/UNITY/clk_uart_BUFG        | unity_i/unity_ctrl_0/U0/UNITY/uart_wb_link_inst/uart_gab_link_inst/uart_inst/uart_rx_inst/t_cnt_reg[3]_i_2_n_0                                                                       | unity_i/unity_ctrl_0/U0/UNITY/uart_wb_link_inst/uart_gab_link_inst/uart_gab_link_dl_inst/FULL_DL_RX_GEN.uart_gab_link_dl_rx_fsm_inst/data_reg_reg[0]_0                           |                2 |              4 |
|  unity_i/unity_ctrl_0/U0/UNITY/unity_clk_BUFG       | unity_i/unity_ctrl_0/U0/UNITY/uart_wb_link_inst/uart_gab_link_inst/uart_gab_link_dl_inst/FULL_DL_RX_GEN.uart_gab_link_dl_rx_fsm_inst/FSM_sequential_state_reg[4]_i_1_n_0             |                                                                                                                                                                                  |                4 |              5 |
|  unity_i/unity_ctrl_0/U0/UNITY/unity_clk_BUFG       | unity_i/unity_ctrl_0/U0/UNITY/uart_wb_link_inst/uart_gab_link_inst/gab_link_al_fsm_inst/wr_cnt_nxt                                                                                   |                                                                                                                                                                                  |                4 |              5 |
|  unity_i/unity_ctrl_0/U0/UNITY/unity_clk_BUFG       | unity_i/unity_ctrl_0/U0/UNITY/uart_wb_link_inst/uart_gab_link_inst/uart_gab_link_dl_inst/uart_gab_link_dl_tx_fsm_inst/CHECKSUM_CRC_GEN.checksum_crc8/E[0]                            |                                                                                                                                                                                  |                1 |              5 |
|  unity_i/unity_ctrl_0/U0/UNITY/unity_clk_BUFG       | unity_i/unity_ctrl_0/U0/UNITY/uart_wb_link_inst/uart_gab_link_inst/gab_link_al_fsm_inst/SUB_GEN.subscription_manager_inst/SG_GEN[1].sg/rd_cnt_nxt                                    |                                                                                                                                                                                  |                4 |              5 |
|  unity_i/unity_ctrl_0/U0/UNITY/unity_clk_BUFG       | unity_i/unity_ctrl_0/U0/Umem_addr_i[5]_i_1_n_0                                                                                                                                       |                                                                                                                                                                                  |                2 |              6 |
|  unity_i/unity_ctrl_0/U0/UNITY/unity_clk_BUFG       | unity_i/unity_ctrl_0/U0/UNITY/uart_wb_link_inst/uart_gab_link_inst/uart_gab_link_dl_inst/uart_gab_link_dl_ascii_enc_inst/ascii_hb_reg[6]_i_1_n_0                                     |                                                                                                                                                                                  |                3 |              6 |
|  unity_i/unity_ctrl_0/U0/UNITY/unity_clk_BUFG       | unity_i/unity_ctrl_0/U0/UNITY/uart_wb_link_inst/uart_gab_link_inst/gab_link_al_fsm_inst/SUB_GEN.subscription_manager_inst/SG_GEN[0].sg/mux1_out[0]                                   |                                                                                                                                                                                  |                2 |              6 |
|  unity_i/BLDC_CONTROLLER_0/U0/scaled_CLK            |                                                                                                                                                                                      | unity_i/inverter_0/out_sig                                                                                                                                                       |                2 |              6 |
|  unity_i/unity_ctrl_0/U0/UNITY/unity_clk_BUFG       | unity_i/unity_ctrl_0/U0/UNITY/uart_wb_link_inst/uart_gab_link_inst/gab_link_al_fsm_inst/SUB_GEN.subscription_manager_inst/SG_GEN[1].sg/mux1_out[1]                                   |                                                                                                                                                                                  |                2 |              6 |
|  unity_i/unity_ctrl_0/U0/UNITY/unity_clk_BUFG       | unity_i/unity_ctrl_0/U0/UNITY/uart_wb_link_inst/uart_gab_link_inst/uart_gab_link_dl_inst/uart_gab_link_dl_ascii_enc_inst/ascii_lb_nxt                                                |                                                                                                                                                                                  |                3 |              6 |
|  unity_i/processing_system7_0/inst/FCLK_CLK1        |                                                                                                                                                                                      | unity_i/inverter_0/out_sig                                                                                                                                                       |                3 |              6 |
|  unity_i/unity_ctrl_0/U0/UNITY/unity_clk_BUFG       | unity_i/unity_ctrl_0/U0/UNITY/uart_wb_link_inst/uart_gab_link_inst/gab_link_al_fsm_inst/SUB_GEN.subscription_manager_inst/SG_GEN[0].sg/r_ptr_reg_reg[6][0]                           | unity_i/unity_ctrl_0/U0/UNITY/uart_wb_link_inst/uart_gab_link_inst/uart_gab_link_dl_inst/FULL_DL_RX_GEN.uart_gab_link_dl_rx_fsm_inst/w_ptr_reg_reg[6][0]                         |                4 |              7 |
|  unity_i/unity_ctrl_0/U0/UNITY/unity_clk_BUFG       | unity_i/unity_ctrl_0/U0/UNITY/uart_wb_link_inst/uart_gab_link_inst/gab_link_al_fsm_inst/SUB_GEN.subscription_manager_inst/SG_GEN[0].sg/next_state                                    |                                                                                                                                                                                  |                5 |              7 |
|  unity_i/unity_ctrl_0/U0/UNITY/unity_clk_BUFG       | unity_i/unity_ctrl_0/U0/UNITY/uart_wb_link_inst/uart_gab_link_inst/gab_link_al_fsm_inst/SUB_GEN.subscription_manager_inst/SG_GEN[0].sg/E[0]                                          | unity_i/unity_ctrl_0/U0/UNITY/uart_wb_link_inst/uart_gab_link_inst/uart_gab_link_dl_inst/FULL_DL_RX_GEN.uart_gab_link_dl_rx_fsm_inst/AR[0]                                       |                4 |              7 |
|  unity_i/unity_ctrl_0/U0/UNITY/unity_clk_BUFG       | unity_i/unity_ctrl_0/U0/UNITY/uart_wb_link_inst/uart_gab_link_inst/uart_gab_link_dl_inst/uart_gab_link_dl_tx_fsm_inst/head_nxt                                                       | unity_i/unity_ctrl_0/U0/UNITY/uart_wb_link_inst/uart_gab_link_inst/uart_gab_link_dl_inst/uart_gab_link_dl_tx_fsm_inst/head_reg[7]_i_1_n_0                                        |                3 |              7 |
|  unity_i/unity_ctrl_0/U0/UNITY/unity_clk_BUFG       | unity_i/unity_ctrl_0/U0/UNITY/uart_wb_link_inst/uart_gab_link_inst/uart_gab_link_dl_inst/FULL_DL_RX_GEN.uart_gab_link_dl_rx_fsm_inst/ramwr                                           | unity_i/unity_ctrl_0/U0/UNITY/uart_wb_link_inst/uart_gab_link_inst/uart_gab_link_dl_inst/FULL_DL_RX_GEN.uart_gab_link_dl_rx_fsm_inst/AR[0]                                       |                3 |              7 |
|  unity_i/unity_ctrl_0/U0/UNITY/unity_clk_BUFG       | unity_i/unity_ctrl_0/U0/UNITY/uart_wb_link_inst/uart_gab_link_inst/uart_gab_link_dl_inst/FULL_DL_RX_GEN.uart_gab_link_dl_rx_fsm_inst/ramwr_0                                         | unity_i/unity_ctrl_0/U0/UNITY/uart_wb_link_inst/uart_gab_link_inst/uart_gab_link_dl_inst/FULL_DL_RX_GEN.uart_gab_link_dl_rx_fsm_inst/w_ptr_reg_reg[6][0]                         |                3 |              7 |
|  unity_i/unity_ctrl_0/U0/UNITY/unity_clk_BUFG       | unity_i/unity_ctrl_0/U0/UNITY/uart_wb_link_inst/uart_gab_link_inst/gab_link_al_fsm_inst/databuffer_nxt[23]                                                                           |                                                                                                                                                                                  |                6 |              8 |
|  unity_i/unity_ctrl_0/U0/UNITY/unity_clk_BUFG       | unity_i/unity_ctrl_0/U0/UNITY/uart_wb_link_inst/uart_gab_link_inst/uart_gab_link_dl_inst/uart_gab_link_dl_ascii_dec_inst/data_nxt                                                    |                                                                                                                                                                                  |                4 |              8 |
|  unity_i/unity_ctrl_0/U0/UNITY/unity_clk_BUFG       | unity_i/unity_ctrl_0/U0/UNITY/uart_wb_link_inst/uart_gab_link_inst/uart_gab_link_dl_inst/uart_gab_link_dl_ascii_dec_inst/ascii_reg                                                   | unity_i/unity_ctrl_0/U0/UNITY/uart_wb_link_inst/uart_gab_link_inst/uart_gab_link_dl_inst/uart_gab_link_dl_ascii_dec_inst/ascii_reg[7]_i_1_n_0                                    |                3 |              8 |
|  unity_i/unity_ctrl_0/U0/UNITY/unity_clk_BUFG       | unity_i/unity_ctrl_0/U0/UNITY/uart_wb_link_inst/uart_gab_link_inst/uart_gab_link_dl_inst/FULL_DL_RX_GEN.uart_gab_link_dl_rx_fsm_inst/CHECKSUM_CRC_GEN.checksum_crc8/chks_data_vld    | unity_i/unity_ctrl_0/U0/UNITY/uart_wb_link_inst/uart_gab_link_inst/uart_gab_link_dl_inst/FULL_DL_RX_GEN.uart_gab_link_dl_rx_fsm_inst/CHECKSUM_CRC_GEN.checksum_crc8/chks_reset   |                4 |              8 |
|  unity_i/unity_ctrl_0/U0/UNITY/unity_clk_BUFG       | unity_i/unity_ctrl_0/U0/UNITY/uart_wb_link_inst/uart_gab_link_inst/uart_gab_link_dl_inst/uart_gab_link_dl_tx_fsm_inst/CHECKSUM_CRC_GEN.checksum_crc8/bin_reg_reg[0]                  |                                                                                                                                                                                  |                6 |              8 |
|  unity_i/unity_ctrl_0/U0/UNITY/unity_clk_BUFG       | unity_i/unity_ctrl_0/U0/UNITY/uart_wb_link_inst/uart_gab_link_inst/uart_gab_link_dl_inst/FULL_DL_RX_GEN.uart_gab_link_dl_rx_fsm_inst/head_nxt                                        | unity_i/unity_ctrl_0/U0/UNITY/uart_wb_link_inst/uart_gab_link_inst/uart_gab_link_dl_inst/FULL_DL_RX_GEN.uart_gab_link_dl_rx_fsm_inst/head_reg[7]_i_1_n_0                         |                2 |              8 |
|  unity_i/unity_ctrl_0/U0/UNITY/unity_clk_BUFG       | unity_i/unity_ctrl_0/U0/UNITY/uart_wb_link_inst/uart_gab_link_inst/gab_link_al_fsm_inst/vaddr_nxt[5]                                                                                 |                                                                                                                                                                                  |                6 |              8 |
|  unity_i/unity_ctrl_0/U0/UNITY/unity_clk_BUFG       | unity_i/unity_ctrl_0/U0/UNITY/uart_wb_link_inst/uart_gab_link_inst/gab_link_al_fsm_inst/length_nxt                                                                                   | unity_i/unity_ctrl_0/U0/UNITY/uart_wb_link_inst/uart_gab_link_inst/gab_link_al_fsm_inst/length_reg[7]_i_1_n_0                                                                    |                3 |              8 |
|  unity_i/unity_ctrl_0/U0/UNITY/unity_clk_BUFG       | unity_i/unity_ctrl_0/U0/UNITY/uart_wb_link_inst/uart_gab_link_inst/gab_link_al_fsm_inst/size_nxt                                                                                     |                                                                                                                                                                                  |                3 |              8 |
|  unity_i/unity_ctrl_0/U0/UNITY/clk_uart_BUFG        | unity_i/unity_ctrl_0/U0/UNITY/uart_wb_link_inst/uart_gab_link_inst/uart_inst/uart_tx_inst/data_reg[7]_i_1__0_n_0                                                                     |                                                                                                                                                                                  |                2 |              8 |
|  unity_i/unity_ctrl_0/U0/UNITY/unity_clk_BUFG       | unity_i/unity_ctrl_0/U0/UNITY/uart_wb_link_inst/uart_gab_link_inst/gab_link_al_fsm_inst/databuffer_nxt[7]                                                                            |                                                                                                                                                                                  |                8 |              8 |
|  unity_i/unity_ctrl_0/U0/UNITY/unity_clk_BUFG       | unity_i/unity_ctrl_0/U0/UNITY/uart_wb_link_inst/uart_gab_link_inst/gab_link_al_fsm_inst/databuffer_nxt[15]                                                                           |                                                                                                                                                                                  |                7 |              8 |
|  unity_i/unity_ctrl_0/U0/UNITY/unity_clk_BUFG       | unity_i/unity_ctrl_0/U0/UNITY/uart_wb_link_inst/uart_gab_link_inst/gab_link_al_fsm_inst/databuffer_nxt[31]                                                                           |                                                                                                                                                                                  |                7 |              8 |
|  unity_i/unity_ctrl_0/U0/UNITY/clk_uart_BUFG        | unity_i/unity_ctrl_0/U0/UNITY/uart_wb_link_inst/uart_gab_link_inst/uart_inst/uart_rx_inst/data_reg[7]_i_1__1_n_0                                                                     | unity_i/unity_ctrl_0/U0/UNITY/uart_wb_link_inst/uart_gab_link_inst/uart_gab_link_dl_inst/FULL_DL_RX_GEN.uart_gab_link_dl_rx_fsm_inst/data_reg_reg[0]_0                           |                2 |              8 |
|  unity_i/unity_ctrl_0/U0/UNITY/unity_clk_BUFG       | unity_i/unity_ctrl_0/U0/UNITY/uart_wb_link_inst/uart_gab_link_inst/uart_gab_link_dl_inst/uart_gab_link_dl_tx_fsm_inst/CHECKSUM_CRC_GEN.checksum_crc8/chks_data_vld                   | unity_i/unity_ctrl_0/U0/UNITY/uart_wb_link_inst/uart_gab_link_inst/uart_gab_link_dl_inst/uart_gab_link_dl_tx_fsm_inst/CHECKSUM_CRC_GEN.checksum_crc8/chks_reset                  |                4 |              9 |
|  unity_i/unity_ctrl_0/U0/UNITY/unity_clk_BUFG       |                                                                                                                                                                                      | unity_i/unity_ctrl_0/U0/UNITY/uart_wb_link_inst/uart_gab_link_inst/uart_gab_link_dl_inst/FULL_DL_RX_GEN.uart_gab_link_dl_rx_fsm_inst/data_reg_reg[0]_0                           |                3 |              9 |
|  unity_i/unity_ctrl_0/U0/UNITY/unity_clk_BUFG       | unity_i/unity_ctrl_0/U0/UNITY/uart_wb_link_inst/uart_gab_link_inst/uart_gab_link_dl_inst/FULL_DL_RX_GEN.uart_gab_link_dl_rx_fsm_inst/ramwr_0                                         |                                                                                                                                                                                  |                3 |             12 |
|  unity_i/unity_ctrl_0/U0/UNITY/unity_clk_BUFG       | unity_i/unity_ctrl_0/U0/UNITY/uart_wb_link_inst/uart_gab_link_inst/uart_gab_link_dl_inst/FULL_DL_RX_GEN.uart_gab_link_dl_rx_fsm_inst/ramwr                                           |                                                                                                                                                                                  |                3 |             12 |
|  unity_i/unity_ctrl_0/U0/UNITY/unity_clk_BUFG       | unity_i/unity_ctrl_0/U0/UNITY/uart_wb_link_inst/uart_gab_link_inst/uart_gab_link_dl_inst/FULL_DL_RX_GEN.dual_rxfifo_mux_inst/fifo_2_inst/fifo_ctrl_inst/read_ctrl/error_nxt          |                                                                                                                                                                                  |                7 |             13 |
|  unity_i/unity_ctrl_0/U0/UNITY/clk_uart_BUFG        |                                                                                                                                                                                      | unity_i/unity_ctrl_0/U0/UNITY/uart_wb_link_inst/uart_gab_link_inst/uart_gab_link_dl_inst/FULL_DL_RX_GEN.uart_gab_link_dl_rx_fsm_inst/data_reg_reg[0]_0                           |                4 |             15 |
|  unity_i/unity_ctrl_0/U0/UNITY/unity_clk_BUFG       | unity_i/unity_ctrl_0/U0/UNITY/uart_wb_link_inst/uart_gab_link_inst/gab_link_al_fsm_inst/SUB_GEN.subscription_manager_inst/SG_GEN[1].sg/sync_cnt_reg[0]_i_1__0_n_0                    | unity_i/unity_ctrl_0/U0/UNITY/uart_wb_link_inst/uart_gab_link_inst/gab_link_al_fsm_inst/SUB_GEN.subscription_manager_inst/SG_GEN[1].sg/sync_cnt_reg0_inferred__0/i__carry__0_n_0 |                4 |             16 |
|  unity_i/unity_ctrl_0/U0/UNITY/unity_clk_BUFG       | unity_i/unity_ctrl_0/U0/UNITY/uart_wb_link_inst/uart_gab_link_inst/gab_link_al_fsm_inst/SUB_GEN.subscription_manager_inst/SG_GEN[0].sg/mux5_out[0]                                   | unity_i/unity_ctrl_0/U0/UNITY/uart_wb_link_inst/uart_gab_link_inst/gab_link_al_fsm_inst/SUB_GEN.subscription_manager_inst/SG_GEN[0].sg/rate_reg[15]_i_1_n_0                      |                6 |             16 |
|  unity_i/unity_ctrl_0/U0/UNITY/unity_clk_BUFG       | unity_i/unity_ctrl_0/U0/UNITY/uart_wb_link_inst/uart_gab_link_inst/gab_link_al_fsm_inst/SUB_GEN.subscription_manager_inst/SG_GEN[1].sg/mux5_out[1]                                   | unity_i/unity_ctrl_0/U0/UNITY/uart_wb_link_inst/uart_gab_link_inst/gab_link_al_fsm_inst/SUB_GEN.subscription_manager_inst/SG_GEN[1].sg/rate_reg[15]_i_1__0_n_0                   |                6 |             16 |
|  unity_i/unity_ctrl_0/U0/UNITY/unity_clk_BUFG       | unity_i/unity_ctrl_0/U0/UNITY/uart_wb_link_inst/uart_gab_link_inst/uart_gab_link_dl_inst/FULL_DL_RX_GEN.uart_gab_link_dl_rx_fsm_inst/w_ptr_reg0                                      |                                                                                                                                                                                  |                2 |             16 |
|  unity_i/unity_ctrl_0/U0/UNITY/unity_clk_BUFG       |                                                                                                                                                                                      | unity_i/unity_ctrl_0/U0/UNITY/uart_wb_link_inst/uart_gab_link_inst/gab_link_al_fsm_inst/SUB_GEN.subscription_manager_inst/synct_strobe_gen_inst/counter[0]_i_1_n_0               |                4 |             16 |
|  unity_i/unity_ctrl_0/U0/UNITY/unity_clk_BUFG       | unity_i/unity_ctrl_0/U0/UNITY/uart_wb_link_inst/uart_gab_link_inst/gab_link_al_fsm_inst/SUB_GEN.subscription_manager_inst/SG_GEN[1].sg/sync_cnt_reg_reg[15]_0                        | unity_i/unity_ctrl_0/U0/UNITY/uart_wb_link_inst/uart_gab_link_inst/gab_link_al_fsm_inst/SUB_GEN.subscription_manager_inst/SG_GEN[0].sg/sync_cnt_reg0                             |                4 |             16 |
|  unity_i/unity_ctrl_0/U0/UNITY/clk_uart_BUFG        | unity_i/unity_ctrl_0/U0/UNITY/uart_wb_link_inst/uart_gab_link_inst/uart_inst/uart_rx_inst/ramwr                                                                                      |                                                                                                                                                                                  |                2 |             16 |
|  unity_i/unity_ctrl_0/U0/UNITY/unity_clk_BUFG       | unity_i/unity_ctrl_0/U0/UNITY/uart_wb_link_inst/uart_gab_link_inst/uart_gab_link_dl_inst/uart_gab_link_dl_ascii_enc_inst/w_ptr_reg_reg[2]                                            |                                                                                                                                                                                  |                2 |             16 |
|  unity_i/processing_system7_0/inst/FCLK_CLK1        | unity_i/Debouncer_2/U0/count[0]_i_2_n_0                                                                                                                                              | unity_i/Debouncer_2/U0/count[0]_i_1_n_0                                                                                                                                          |                5 |             17 |
|  unity_i/unity_ctrl_0/U0/UNITY/unity_clk_BUFG       | unity_i/unity_ctrl_0/U0/UNITY/uart_wb_link_inst/uart_gab_link_inst/gab_link_al_fsm_inst/SUB_GEN.subscription_manager_inst/SG_GEN[1].sg/ramwr                                         |                                                                                                                                                                                  |                3 |             21 |
|  unity_i/unity_ctrl_0/U0/UNITY/clk_uart_BUFG        |                                                                                                                                                                                      |                                                                                                                                                                                  |                8 |             22 |
|  unity_i/processing_system7_0/inst/FCLK_CLK1        |                                                                                                                                                                                      | unity_i/BLDC_CONTROLLER_0/U0/scaler_counter[0]_i_1_n_0                                                                                                                           |                8 |             33 |
|  unity_i/PWM_generator_0/U0/scaled_CLK              |                                                                                                                                                                                      |                                                                                                                                                                                  |                9 |             33 |
|  unity_i/processing_system7_0/inst/FCLK_CLK1        |                                                                                                                                                                                      |                                                                                                                                                                                  |               10 |             35 |
|  unity_i/unity_ctrl_0/U0/UNITY/unity_clk_BUFG       |                                                                                                                                                                                      |                                                                                                                                                                                  |               34 |             66 |
+-----------------------------------------------------+--------------------------------------------------------------------------------------------------------------------------------------------------------------------------------------+----------------------------------------------------------------------------------------------------------------------------------------------------------------------------------+------------------+----------------+


+--------+-----------------------+
| Fanout | Number of ControlSets |
+--------+-----------------------+
| 3      |                     1 |
| 4      |                     8 |
| 5      |                     4 |
| 6      |                     7 |
| 7      |                     6 |
| 8      |                    14 |
| 9      |                     2 |
| 12     |                     2 |
| 13     |                     1 |
| 15     |                     1 |
| 16+    |                    15 |
+--------+-----------------------+


